<?xml version="1.0" encoding="UTF-8"?>
<TestRun id="3305fbb9-8bf6-453a-aafe-7eefaedd87d0" name="SL410@XQUANT-JUNWEI 2012-01-30 17:08:57" runUser="XQUANT-JUNWEI\SL410" xmlns="http://microsoft.com/schemas/VisualStudio/TeamTest/2010">
  <TestSettings name="本地" id="b00c8703-a420-48f2-8dc0-ceffd2a2d82a">
    <Description>这些设置为本地测试运行的默认测试设置。</Description>
    <Deployment enabled="false" runDeploymentRoot="SL410_XQUANT-JUNWEI 2012-01-30 17_08_57">
      <DeploymentItem filename="E:\net_lib\Ninject-2.2.1.0-release-net-4.0\Ninject.dll" />
      <DeploymentItem filename="E:\net_lib\Moq.4.0.10827\NET40\Moq.dll" />
      <DeploymentItem filename="E:\project\SportsStore\SportsStore.WebUI\bin\SportsStore.WebUI.dll" />
      <DeploymentItem filename="E:\project\SportsStore\SportsStore.Domain\bin\Debug\SportsStore.Domain.dll" />
      <DeploymentItem filename="E:\project\SportsStore\packages\EntityFramework.4.2.0.0\lib\net40\EntityFramework.dll" />
    </Deployment>
    <Execution>
      <TestTypeSpecific />
      <AgentRule name="Execution Agents">
      </AgentRule>
    </Execution>
  </TestSettings>
  <Times creation="2012-01-30T17:08:57.4687500+08:00" queuing="2012-01-30T17:08:57.5156250+08:00" start="2012-01-30T17:08:57.5312500+08:00" finish="2012-01-30T17:08:58.2343750+08:00" />
  <ResultSummary outcome="Failed">
    <Counters total="2" executed="2" passed="1" error="0" failed="1" timeout="0" aborted="0" inconclusive="0" passedButRunAborted="0" notRunnable="0" notExecuted="0" disconnected="0" warning="0" completed="0" inProgress="0" pending="0" />
  </ResultSummary>
  <TestDefinitions>
    <UnitTest name="Can_Pagination" storage="e:\project\sportsstore\sportsstore.unittests\bin\debug\sportsstore.unittests.dll" id="9c512752-a5dd-100b-2d0e-3ca1fdb5ca81">
      <Execution id="2fb8e86b-57dc-4b89-82f2-5a6f903cb631" />
      <TestMethod codeBase="E:/project/SportsStore/SportsStore.UnitTests/bin/Debug/SportsStore.UnitTests.DLL" adapterTypeName="Microsoft.VisualStudio.TestTools.TestTypes.Unit.UnitTestAdapter, Microsoft.VisualStudio.QualityTools.Tips.UnitTest.Adapter, Version=10.0.0.0, Culture=neutral, PublicKeyToken=b03f5f7f11d50a3a" className="SportsStore.UnitTests.ProductControllerTest, SportsStore.UnitTests, Version=1.0.0.0, Culture=neutral, PublicKeyToken=null" name="Can_Pagination" />
    </UnitTest>
    <UnitTest name="Can_Generate_Page_Link" storage="e:\project\sportsstore\sportsstore.unittests\bin\debug\sportsstore.unittests.dll" id="926dd426-9f17-61fd-9877-529a4616624a">
      <Execution id="3c24ce19-5d29-4b48-a216-83cabb5d4218" />
      <TestMethod codeBase="E:/project/SportsStore/SportsStore.UnitTests/bin/Debug/SportsStore.UnitTests.DLL" adapterTypeName="Microsoft.VisualStudio.TestTools.TestTypes.Unit.UnitTestAdapter, Microsoft.VisualStudio.QualityTools.Tips.UnitTest.Adapter, Version=10.0.0.0, Culture=neutral, PublicKeyToken=b03f5f7f11d50a3a" className="SportsStore.UnitTests.ProductControllerTest, SportsStore.UnitTests, Version=1.0.0.0, Culture=neutral, PublicKeyToken=null" name="Can_Generate_Page_Link" />
    </UnitTest>
  </TestDefinitions>
  <TestLists>
    <TestList name="列表中未列出的结果" id="8c84fa94-04c1-424b-9868-57a2d4851a1d" />
    <TestList name="所有已加载的结果" id="19431567-8539-422a-85d7-44ee4e166bda" />
  </TestLists>
  <TestEntries>
    <TestEntry testId="926dd426-9f17-61fd-9877-529a4616624a" executionId="3c24ce19-5d29-4b48-a216-83cabb5d4218" testListId="8c84fa94-04c1-424b-9868-57a2d4851a1d" />
    <TestEntry testId="9c512752-a5dd-100b-2d0e-3ca1fdb5ca81" executionId="2fb8e86b-57dc-4b89-82f2-5a6f903cb631" testListId="8c84fa94-04c1-424b-9868-57a2d4851a1d" />
  </TestEntries>
  <Results>
    <UnitTestResult executionId="3c24ce19-5d29-4b48-a216-83cabb5d4218" testId="926dd426-9f17-61fd-9877-529a4616624a" testName="Can_Generate_Page_Link" computerName="XQUANT-JUNWEI" duration="00:00:00.0445604" startTime="2012-01-30T17:08:57.5312500+08:00" endTime="2012-01-30T17:08:57.8437500+08:00" testType="13cdc9d9-ddb5-4fa4-a97d-d965ccfc6d4b" outcome="Passed" testListId="8c84fa94-04c1-424b-9868-57a2d4851a1d" relativeResultsDirectory="3c24ce19-5d29-4b48-a216-83cabb5d4218">
    </UnitTestResult>
    <UnitTestResult executionId="2fb8e86b-57dc-4b89-82f2-5a6f903cb631" testId="9c512752-a5dd-100b-2d0e-3ca1fdb5ca81" testName="Can_Pagination" computerName="XQUANT-JUNWEI" duration="00:00:00.2696870" startTime="2012-01-30T17:08:57.8437500+08:00" endTime="2012-01-30T17:08:58.1250000+08:00" testType="13cdc9d9-ddb5-4fa4-a97d-d965ccfc6d4b" outcome="Failed" testListId="8c84fa94-04c1-424b-9868-57a2d4851a1d" relativeResultsDirectory="2fb8e86b-57dc-4b89-82f2-5a6f903cb631">
      <Output>
        <ErrorInfo>
          <Message>测试方法 SportsStore.UnitTests.ProductControllerTest.Can_Pagination 引发了异常: 
System.InvalidCastException: 无法将类型为“SportsStore.WebUI.Models.ProductListViewModel”的对象强制转换为类型“System.Collections.Generic.IEnumerable`1[SportsStore.Domain.Entities.Product]”。</Message>
          <StackTrace>    在 SportsStore.UnitTests.ProductControllerTest.Can_Pagination() 位置 E:\project\SportsStore\SportsStore.UnitTests\ProductControllerTest.cs:行号 92
</StackTrace>
        </ErrorInfo>
      </Output>
    </UnitTestResult>
  </Results>
</TestRun>